tracebox to 1.2.3.4 (1.2.3.4): 64 hops max
1: 1.1.1.1 0ms IP::Identification IP::CheckSum 
2: 1.2.3.4 0ms IP::Identification IP::TTL IP::CheckSum 
