tracebox to 1.2.3.4 (1.2.3.4): 64 hops max
1: 1.1.1.1 0ms  [PARTIAL] TCP::WindowsSize TCP::CheckSum +PartialTCP 
2: 2.2.2.2 0ms TCP::WindowsSize TCP::CheckSum IP::TTL IP::CheckSum TCPOptionMaxSegSize::MaxSegSize 
3: 1.2.3.4 0ms TCP::WindowsSize TCP::CheckSum IP::TTL IP::CheckSum TCPOptionMaxSegSize::MaxSegSize 
