tracebox to 1.2.3.4 (1.2.3.4): 64 hops max
1: 1.1.1.1 0ms -TCP IP::TTL IP::Protocol +RawLayer 
2: 1.2.3.4 0ms -TCP IP::TTL IP::Protocol IP::CheckSum +RawLayer 
